// Vitest Snapshot v1, https://vitest.dev/guide/snapshot.html

exports[`Block Class > should correctly calculate merkel tree 1`] = `
MerkleTree {
  "complete": false,
  "concatenator": [Function],
  "duplicateOdd": false,
  "fillDefaultHash": null,
  "hashFn": [Function],
  "hashLeaves": false,
  "isBitcoinTree": false,
  "layers": [
    [
      {
        "data": [
          109,
          229,
          248,
          234,
          137,
          1,
          211,
          169,
          171,
          205,
          87,
          157,
          44,
          195,
          53,
          64,
          158,
          104,
          156,
          234,
          29,
          131,
          38,
          250,
          248,
          143,
          193,
          228,
          16,
          219,
          78,
          148,
        ],
        "type": "Buffer",
      },
      {
        "data": [
          70,
          235,
          73,
          13,
          108,
          64,
          210,
          166,
          204,
          68,
          10,
          49,
          39,
          39,
          79,
          175,
          51,
          95,
          248,
          102,
          161,
          48,
          89,
          139,
          46,
          13,
          82,
          91,
          66,
          221,
          86,
          250,
        ],
        "type": "Buffer",
      },
    ],
    [
      {
        "data": [
          10,
          171,
          206,
          64,
          159,
          66,
          125,
          170,
          188,
          76,
          184,
          7,
          62,
          218,
          3,
          174,
          242,
          237,
          124,
          2,
          122,
          218,
          46,
          241,
          34,
          181,
          206,
          195,
          126,
          155,
          38,
          40,
        ],
        "type": "Buffer",
      },
    ],
  ],
  "leaves": [
    {
      "data": [
        109,
        229,
        248,
        234,
        137,
        1,
        211,
        169,
        171,
        205,
        87,
        157,
        44,
        195,
        53,
        64,
        158,
        104,
        156,
        234,
        29,
        131,
        38,
        250,
        248,
        143,
        193,
        228,
        16,
        219,
        78,
        148,
      ],
      "type": "Buffer",
    },
    {
      "data": [
        70,
        235,
        73,
        13,
        108,
        64,
        210,
        166,
        204,
        68,
        10,
        49,
        39,
        39,
        79,
        175,
        51,
        95,
        248,
        102,
        161,
        48,
        89,
        139,
        46,
        13,
        82,
        91,
        66,
        221,
        86,
        250,
      ],
      "type": "Buffer",
    },
  ],
  "sort": false,
  "sortLeaves": false,
  "sortPairs": false,
}
`;

exports[`Block Class > should fail to match merkle tree of a corrupted block 1`] = `
MerkleTree {
  "complete": false,
  "concatenator": [Function],
  "duplicateOdd": false,
  "fillDefaultHash": null,
  "hashFn": [Function],
  "hashLeaves": false,
  "isBitcoinTree": false,
  "layers": [
    [
      {
        "data": [
          109,
          229,
          248,
          234,
          137,
          1,
          211,
          169,
          171,
          205,
          87,
          157,
          44,
          195,
          53,
          64,
          158,
          104,
          156,
          234,
          29,
          131,
          38,
          250,
          248,
          143,
          193,
          228,
          16,
          219,
          78,
          148,
        ],
        "type": "Buffer",
      },
      {
        "data": [
          70,
          235,
          73,
          13,
          108,
          64,
          210,
          166,
          204,
          68,
          10,
          49,
          39,
          39,
          79,
          175,
          51,
          95,
          248,
          102,
          161,
          48,
          89,
          139,
          46,
          13,
          82,
          91,
          66,
          221,
          86,
          250,
        ],
        "type": "Buffer",
      },
    ],
    [
      {
        "data": [
          10,
          171,
          206,
          64,
          159,
          66,
          125,
          170,
          188,
          76,
          184,
          7,
          62,
          218,
          3,
          174,
          242,
          237,
          124,
          2,
          122,
          218,
          46,
          241,
          34,
          181,
          206,
          195,
          126,
          155,
          38,
          40,
        ],
        "type": "Buffer",
      },
    ],
  ],
  "leaves": [
    {
      "data": [
        109,
        229,
        248,
        234,
        137,
        1,
        211,
        169,
        171,
        205,
        87,
        157,
        44,
        195,
        53,
        64,
        158,
        104,
        156,
        234,
        29,
        131,
        38,
        250,
        248,
        143,
        193,
        228,
        16,
        219,
        78,
        148,
      ],
      "type": "Buffer",
    },
    {
      "data": [
        70,
        235,
        73,
        13,
        108,
        64,
        210,
        166,
        204,
        68,
        10,
        49,
        39,
        39,
        79,
        175,
        51,
        95,
        248,
        102,
        161,
        48,
        89,
        139,
        46,
        13,
        82,
        91,
        66,
        221,
        86,
        250,
      ],
      "type": "Buffer",
    },
  ],
  "sort": false,
  "sortLeaves": false,
  "sortPairs": false,
}
`;
